[slimhamdi.net/index.html]
[backblue.gif]
[fade.gif]
[index.html]
[slimhamdi.net/css/bootstrap.min.css]
[slimhamdi.net/css/preloader.min.css]
[slimhamdi.net/css/circle.css]
[slimhamdi.net/css/font-awesome.min.css]
[slimhamdi.net/css/fm.revealator.jquery.min.css]
[slimhamdi.net/css/style.css]
[slimhamdi.net/css/skins/yellow.css]
[slimhamdi.net/js/modernizr.custom.js]
[slimhamdi.net/about.html]
[slimhamdi.net/portfolio.html]
[slimhamdi.net/contact.html]
[via.placeholder.com/300x300.jpg]
[slimhamdi.net/js/jquery-3.5.0.min.js]
[slimhamdi.net/js/preloader.min.js]
[slimhamdi.net/js/fm.revealator.jquery.min.js]
[slimhamdi.net/js/imagesloaded.pkgd.min.js]
[slimhamdi.net/js/masonry.pkgd.min.js]
[slimhamdi.net/js/classie.js]
[slimhamdi.net/js/cbpGridGallery.js]
[slimhamdi.net/js/jquery.hoverdir.js]
[slimhamdi.net/js/popper.min.js]
[slimhamdi.net/js/bootstrap.js]
[slimhamdi.net/js/custom.js]
[slimhamdi.net/index.html]
[slimhamdi.net/css/bootstrap.min.css]
[slimhamdi.net/css/preloader.min.css]
[slimhamdi.net/css/circle.css]
[slimhamdi.net/fonts/fontawesome-webfont3e6e.eot]
[slimhamdi.net/fonts/fontawesome-webfontd41d.eot]
[slimhamdi.net/fonts/fontawesome-webfont3e6e.woff]
[slimhamdi.net/fonts/fontawesome-webfont3e6e.ttf]
[slimhamdi.net/css/font-awesome.min.css]
[slimhamdi.net/css/fm.revealator.jquery.min.css]
[slimhamdi.net/img/projects/navigation/right-arrow.png]
[slimhamdi.net/img/projects/navigation/left-arrow.png]
[slimhamdi.net/img/projects/navigation/close-button.png]
[slimhamdi.net/img/slimhamdi.jpg]
[slimhamdi.net/css/style.css]
[slimhamdi.net/css/skins/yellow.css]
[slimhamdi.net/img/favicon.png]
[slimhamdi.net/img/slimhamdi-sm.jpg]
[slimhamdi.net/about.html]
[slimhamdi.net/img/projects/salimo.jpg]
[slimhamdi.net/img/projects/tunis.jpg]
[slimhamdi.net/img/projects/bayya.jpg]
[slimhamdi.net/img/projects/istanbul.jpg]
[slimhamdi.net/img/projects/amira.jpg]
[slimhamdi.net/img/projects/moscow.jpg]
[slimhamdi.net/img/projects/maryouma.jpg]
[slimhamdi.net/img/projects/chayma.jpg]
[slimhamdi.net/img/projects/ssmoptical.jpg]
[slimhamdi.net/img/projects/lepirate.jpg]
[slimhamdi.net/img/projects/agt.jpg]
[slimhamdi.net/img/projects/gwb.jpg]
[slimhamdi.net/img/projects/tanytos.jpg]
[slimhamdi.net/img/projects/juliendebras.jpg]
[slimhamdi.net/img/projects/lacigalesport.jpg]
[slimhamdi.net/img/projects/lacigalegolf.jpg]
[slimhamdi.net/img/projects/lacigalethalasso.jpg]
[slimhamdi.net/img/projects/acdnoprt.jpg]
[slimhamdi.net/img/projects/phonetic.jpg]
[slimhamdi.net/img/projects/iti.jpg]
[slimhamdi.net/img/projects/tinycoaching.jpg]
[slimhamdi.net/img/projects/pifss.jpg]
[slimhamdi.net/img/projects/agb.jpg]
[slimhamdi.net/img/projects/barwa.jpg]
[slimhamdi.net/img/projects/rta.jpg]
[slimhamdi.net/img/projects/elm.jpg]
[slimhamdi.net/img/projects/bhassurance.jpg]
[slimhamdi.net/img/projects/jobi.jpg]
[slimhamdi.net/portfolio.html]
[slimhamdi.net/contact.html]
[slimhamdi.net/fonts/fontawesome-webfont3e6e.html]
[slimhamdi.net/fonts/fontawesome-webfont3e6e.svg]
